Interface Mode ON
Loaded 200 structures
Using complex_1w.pdb as reference
Read 2 chains from contacts file: AB
Symmetry option on. Checking chain lengths: WARNING!! Chains have different lengths! (B:50 != A:1)
You main run into problems later on...
OK!
Generating ZONE definitions..
Symmetry option was turned on, but chains are not identical: Turning symmetry off
Defined 1 zone(s)
ZONE CLEAR \n ZONE A1-A1:A1-A1\n ZONE B11-B11:B11-B11 ZONE B12-B12:B12-B12 ZONE B14-B14:B14-B14 ZONE B15-B15:B15-B15 ZONE B16-B16:B16-B16 ZONE B17-B17:B17-B17 ZONE B18-B18:B18-B18 ZONE B25-B25:B25-B25 ZONE B26-B26:B26-B26 ZONE B27-B27:B27-B27 ZONE B28-B28:B28-B28 ZONE B29-B29:B29-B29 ZONE B30-B30:B30-B30 ZONE B31-B31:B31-B31 ZONE B37-B37:B37-B37 ZONE B38-B38:B38-B38 ZONE B39-B39:B39-B39 ZONE B40-B40:B40-B40 ZONE B41-B41:B41-B41\n FIT
RMS: 8.118
1
RMS: 7.912
1
RMS: 8.249
1
RMS: 9.730
1
RMS: 9.456
1
RMS: 9.276
1
RMS: 8.516
1
RMS: 8.731
1
RMS: 8.596
1
RMS: 8.046
1
RMS: 9.540
1
RMS: 9.295
1
RMS: 8.066
1
RMS: 8.633
1
RMS: 9.337
1
RMS: 9.255
1
RMS: 9.681
1
RMS: 8.583
1
RMS: 8.881
1
RMS: 9.545
1
RMS: 9.731
1
RMS: 8.209
1
RMS: 9.175
1
RMS: 9.285
1
RMS: 8.581
1
RMS: 9.513
1
RMS: 9.212
1
RMS: 8.756
1
RMS: 8.144
1
RMS: 9.724
1
RMS: 8.233
1
RMS: 8.326
1
RMS: 8.588
1
RMS: 9.434
1
RMS: 8.529
1
RMS: 8.730
1
RMS: 8.614
1
RMS: 9.473
1
RMS: 8.520
1
RMS: 8.611
1
RMS: 9.312
1
RMS: 8.742
1
RMS: 9.378
1
RMS: 8.923
1
RMS: 8.422
1
RMS: 9.204
1
RMS: 9.352
1
RMS: 9.566
1
RMS: 8.532
1
RMS: 8.715
1
RMS: 8.447
1
RMS: 9.727
1
RMS: 8.686
1
RMS: 8.598
1
RMS: 8.129
1
RMS: 7.963
1
RMS: 8.614
1
RMS: 9.562
1
RMS: 8.552
1
RMS: 8.505
1
RMS: 8.396
1
RMS: 8.412
1
RMS: 8.374
1
RMS: 9.361
1
RMS: 8.661
1
RMS: 8.275
1
RMS: 8.984
1
RMS: 8.951
1
RMS: 8.655
1
RMS: 8.009
1
RMS: 8.539
1
RMS: 8.950
1
RMS: 9.438
1
RMS: 9.072
1
RMS: 9.461
1
RMS: 8.163
1
RMS: 8.081
1
RMS: 9.156
1
RMS: 8.900
1
RMS: 8.357
1
RMS: 8.346
1
RMS: 9.396
1
RMS: 9.332
1
RMS: 8.788
1
RMS: 8.338
1
RMS: 9.154
1
RMS: 9.741
1
RMS: 8.437
1
RMS: 8.922
1
RMS: 9.881
1
RMS: 8.364
1
RMS: 8.192
1
RMS: 8.688
1
RMS: 9.159
1
RMS: 9.224
1
RMS: 8.898
1
RMS: 8.137
1
RMS: 8.661
1
RMS: 8.970
1
RMS: 8.546
1
RMS: 8.655
1
RMS: 8.443
1
RMS: 8.389
1
RMS: 8.593
1
RMS: 9.270
1
RMS: 9.282
1
RMS: 8.348
1
RMS: 8.526
1
RMS: 9.887
1
RMS: 8.350
1
RMS: 8.815
1
RMS: 9.911
1
RMS: 9.420
1
RMS: 8.509
1
RMS: 8.293
1
RMS: 9.215
1
RMS: 8.062
1
RMS: 8.077
1
RMS: 8.031
1
RMS: 8.776
1
RMS: 8.394
1
RMS: 8.987
1
RMS: 8.958
1
RMS: 8.783
1
RMS: 8.349
1
RMS: 8.459
1
RMS: 8.306
1
RMS: 8.435
1
RMS: 8.616
1
RMS: 8.292
1
RMS: 8.388
1
RMS: 8.029
1
RMS: 8.489
1
RMS: 8.998
1
RMS: 8.079
1
RMS: 8.914
1
RMS: 8.042
1
RMS: 8.822
1
RMS: 9.223
1
RMS: 8.216
1
RMS: 8.039
1
RMS: 9.867
1
RMS: 8.370
1
RMS: 8.304
1
RMS: 8.316
1
RMS: 8.438
1
RMS: 8.003
1
RMS: 8.233
1
RMS: 7.997
1
RMS: 8.054
1
RMS: 8.878
1
RMS: 8.376
1
RMS: 9.302
1
RMS: 8.865
1
RMS: 8.817
1
RMS: 9.373
1
RMS: 8.004
1
RMS: 9.734
1
RMS: 9.139
1
RMS: 8.231
1
RMS: 9.044
1
RMS: 8.058
1
RMS: 8.721
1
RMS: 8.653
1
RMS: 8.437
1
RMS: 8.153
1
RMS: 8.601
1
RMS: 9.362
1
RMS: 8.060
1
RMS: 8.668
1
RMS: 8.393
1
RMS: 8.329
1
RMS: 8.385
1
RMS: 9.628
1
RMS: 8.540
1
RMS: 8.415
1
RMS: 8.835
1
RMS: 9.114
1
RMS: 9.092
1
RMS: 8.313
1
RMS: 9.243
1
RMS: 9.332
1
RMS: 8.773
1
RMS: 8.763
1
RMS: 8.644
1
RMS: 8.956
1
RMS: 8.849
1
RMS: 8.359
1
RMS: 8.812
1
RMS: 8.821
1
RMS: 8.147
1
RMS: 9.045
1
RMS: 8.849
1
RMS: 8.327
1
RMS: 8.885
1
RMS: 8.240
1
RMS: 8.424
1
RMS: 8.968
1
RMS: 8.893
1
RMS: 8.890
1

