Ligand Mode ON
Loaded 200 structures
Using complex_1w.pdb as reference
Read 2 chains from reference file: AB
Symmetry option on. Checking chain lengths: WARNING!! Chains have different lengths! (B:50 != A:1)
You main run into problems later on...
OK!
Generating ZONE definitions..
Symmetry option was turned on, but chains are not identical: Turning symmetry off
Defined 1 zone(s)
ZONE CLEAR \n ZONE A* \n FIT \nRZONE B*\n
RMS: 9.777
1
RMS: 11.820
1
RMS: 10.905
1
RMS: 27.268
1
RMS: 19.031
1
RMS: 25.771
1
RMS: 13.494
1
RMS: 22.201
1
RMS: 25.628
1
RMS: 12.152
1
RMS: 24.863
1
RMS: 28.445
1
RMS: 11.540
1
RMS: 20.405
1
RMS: 19.129
1
RMS: 26.612
1
RMS: 22.560
1
RMS: 14.580
1
RMS: 26.029
1
RMS: 21.611
1
RMS: 24.561
1
RMS: 10.730
1
RMS: 18.072
1
RMS: 25.210
1
RMS: 14.907
1
RMS: 18.930
1
RMS: 28.648
1
RMS: 17.694
1
RMS: 22.431
1
RMS: 26.702
1
RMS: 13.662
1
RMS: 17.235
1
RMS: 16.087
1
RMS: 28.695
1
RMS: 14.206
1
RMS: 26.047
1
RMS: 15.811
1
RMS: 19.747
1
RMS: 13.486
1
RMS: 14.121
1
RMS: 23.836
1
RMS: 17.096
1
RMS: 22.995
1
RMS: 17.882
1
RMS: 13.900
1
RMS: 18.122
1
RMS: 19.511
1
RMS: 25.555
1
RMS: 13.786
1
RMS: 16.142
1
RMS: 14.032
1
RMS: 26.017
1
RMS: 23.228
1
RMS: 18.631
1
RMS: 19.854
1
RMS: 11.082
1
RMS: 14.893
1
RMS: 18.379
1
RMS: 13.927
1
RMS: 13.385
1
RMS: 15.459
1
RMS: 13.337
1
RMS: 13.588
1
RMS: 21.614
1
RMS: 15.340
1
RMS: 15.632
1
RMS: 17.761
1
RMS: 16.224
1
RMS: 15.426
1
RMS: 19.093
1
RMS: 14.739
1
RMS: 16.808
1
RMS: 25.722
1
RMS: 18.615
1
RMS: 19.362
1
RMS: 17.509
1
RMS: 12.282
1
RMS: 18.673
1
RMS: 16.198
1
RMS: 13.401
1
RMS: 13.296
1
RMS: 25.998
1
RMS: 27.248
1
RMS: 16.684
1
RMS: 14.066
1
RMS: 21.300
1
RMS: 25.137
1
RMS: 13.281
1
RMS: 19.951
1
RMS: 24.172
1
RMS: 25.332
1
RMS: 18.120
1
RMS: 28.643
1
RMS: 18.473
1
RMS: 21.223
1
RMS: 17.547
1
RMS: 21.628
1
RMS: 14.611
1
RMS: 16.477
1
RMS: 15.941
1
RMS: 15.829
1
RMS: 14.805
1
RMS: 13.447
1
RMS: 14.345
1
RMS: 17.981
1
RMS: 19.147
1
RMS: 15.294
1
RMS: 13.875
1
RMS: 20.676
1
RMS: 15.497
1
RMS: 15.487
1
RMS: 20.584
1
RMS: 21.425
1
RMS: 14.160
1
RMS: 13.092
1
RMS: 24.351
1
RMS: 26.320
1
RMS: 22.887
1
RMS: 11.243
1
RMS: 25.151
1
RMS: 14.369
1
RMS: 17.467
1
RMS: 17.550
1
RMS: 18.586
1
RMS: 13.407
1
RMS: 15.611
1
RMS: 13.321
1
RMS: 13.614
1
RMS: 22.767
1
RMS: 12.001
1
RMS: 13.220
1
RMS: 11.898
1
RMS: 14.306
1
RMS: 28.990
1
RMS: 11.108
1
RMS: 16.553
1
RMS: 20.757
1
RMS: 15.333
1
RMS: 18.593
1
RMS: 19.283
1
RMS: 20.641
1
RMS: 20.830
1
RMS: 16.089
1
RMS: 13.047
1
RMS: 13.172
1
RMS: 13.843
1
RMS: 26.102
1
RMS: 25.734
1
RMS: 14.597
1
RMS: 19.790
1
RMS: 16.045
1
RMS: 15.138
1
RMS: 18.012
1
RMS: 16.234
1
RMS: 15.827
1
RMS: 26.440
1
RMS: 25.387
1
RMS: 32.378
1
RMS: 16.980
1
RMS: 18.966
1
RMS: 29.920
1
RMS: 11.054
1
RMS: 14.627
1
RMS: 15.033
1
RMS: 13.483
1
RMS: 13.755
1
RMS: 21.428
1
RMS: 19.994
1
RMS: 18.703
1
RMS: 15.311
1
RMS: 15.111
1
RMS: 13.282
1
RMS: 14.295
1
RMS: 25.512
1
RMS: 15.978
1
RMS: 13.261
1
RMS: 16.170
1
RMS: 16.800
1
RMS: 16.175
1
RMS: 13.159
1
RMS: 24.546
1
RMS: 17.954
1
RMS: 15.042
1
RMS: 15.365
1
RMS: 15.032
1
RMS: 16.447
1
RMS: 16.107
1
RMS: 15.693
1
RMS: 15.155
1
RMS: 15.043
1
RMS: 20.925
1
RMS: 16.187
1
RMS: 28.844
1
RMS: 27.492
1
RMS: 15.894
1
RMS: 14.832
1
RMS: 13.535
1
RMS: 15.921
1
RMS: 15.628
1
RMS: 16.091
1

