[2026-04-23 03:32:17] 
##############################################################################
#                                                                            #
# Starting HADDOCK2.5                                                        #
#                                                                            #
#         N-components version of HADDOCK (current maximum is 20)            #
#                                                                            #
#   Copyright 2003-2025 Alexandre Bonvin, Utrecht University.                #
#   Originally adapted from Aria 1.2 from Nilges and Linge, EMBL.            #
#   All rights reserved.                                                     #
#   This code is part of the HADDOCK software and governed by its            #
#   license. Please see the LICENSE file that should have been included      #
#   as part of this package.                                                 #
#                                                                            #
##############################################################################
    
[2026-04-23 03:32:17] Starting HADDOCK
[2026-04-23 03:32:17] HADDOCK version: 2.5 - December 2025
[2026-04-23 03:32:17] Parsing run.cns file
[2026-04-23 03:32:17] Parsing run.param in /trinity/rascar/enmr/csb_webserver/data/runs/haddock24/userrun00669245/run1/data
[2026-04-23 03:32:17] Reading parameters from the file /trinity/rascar/enmr/csb_webserver/data/runs/haddock24/userrun00669245/run1/data/run.param
[2026-04-23 03:32:17]   setting some variables:
[2026-04-23 03:32:17]     AMBIG_TBL set to: ambig.tbl
[2026-04-23 03:32:17]     HADDOCK_DIR set to: /trinity/rascar/enmr/software/haddock2.5
[2026-04-23 03:32:17]     N_COMP set to: 2
[2026-04-23 03:32:17]     PDB_FILE1 set to: protein1.pdb
[2026-04-23 03:32:17]     PROT_SEGID_1 set to: A
[2026-04-23 03:32:17]     PDB_FILE2 set to: protein2.pdb
[2026-04-23 03:32:17]     PROT_SEGID_2 set to: B
[2026-04-23 03:32:17]     PROJECT_DIR set to: .
[2026-04-23 03:32:17]     RUN_NUMBER set to: 1
[2026-04-23 03:32:17]   AMBIG_TBL ambig.tbl
[2026-04-23 03:32:17]   HADDOCK_DIR /trinity/rascar/enmr/software/haddock2.5
[2026-04-23 03:32:17]   N_COMP 2
[2026-04-23 03:32:17]   PDB_FILE1 protein1.pdb
[2026-04-23 03:32:17]   PROT_SEGID_1 A
[2026-04-23 03:32:17]   PDB_FILE2 protein2.pdb
[2026-04-23 03:32:17]   PROT_SEGID_2 B
[2026-04-23 03:32:17]   PROJECT_DIR .
[2026-04-23 03:32:17]   RUN_NUMBER 1
[2026-04-23 03:32:17] Looking for existing files
[2026-04-23 03:32:18] waterdock false
[2026-04-23 03:32:18] Generating PSF and PDB file of molecule 1
[2026-04-23 03:32:18] Generating PSF and PDB file of molecule 2
[2026-04-23 03:32:18]   waiting for the psf files...
[2026-04-23 03:32:38] Merging topologies and coordinates files
[2026-04-23 03:32:40]   waiting for the merged files...
[2026-04-23 03:32:50] Looking for iteration 0
[2026-04-23 03:32:50] Starting rigid-body docking: 1000 structures
[2026-04-23 03:32:50] Initiating job submission...
[2026-04-23 03:44:30]   stage 0: 1000 structures remaining, 1000 running, 0 completed, 1000 total
[2026-04-23 03:48:31]   stage 0: 600 structures remaining, 600 running, 400 completed, 1000 total
[2026-04-23 03:52:32]   stage 0: 220 structures remaining, 220 running, 780 completed, 1000 total
[2026-04-23 03:54:43] Looking for iteration 1
[2026-04-23 03:54:43] Starting semi-flexible refinement: 200 structures
[2026-04-23 03:54:43] Initiating job submission...
[2026-04-23 04:04:23]   stage 1: 200 structures remaining, 200 running, 0 completed, 200 total
[2026-04-23 04:06:23]   stage 1: 185 structures remaining, 180 running, 15 completed, 200 total
[2026-04-23 04:08:24]   stage 1: 175 structures remaining, 165 running, 25 completed, 200 total
[2026-04-23 04:08:24]   Waiting to restart job...
[2026-04-23 04:12:24]   stage 1: 81 structures remaining, 81 running, 119 completed, 200 total
[2026-04-23 04:24:25]   stage 1: 1 structures remaining, 1 running, 199 completed, 200 total
[2026-04-23 04:26:35] Starting analysis scripts for /trinity/rascar/enmr/csb_webserver/data/runs/haddock24/userrun00669245/run1/structures/it1
[2026-04-23 04:26:35]   calculating average structure and similarity matrices
[2026-04-23 04:26:35]   waiting for the average structure...
[2026-04-23 04:27:15]   running analysis scripts...
[2026-04-23 04:27:20]     calculating pairwise rmsd matrix
[2026-04-23 04:27:21] Starting final refinement: 200 structures
[2026-04-23 04:27:21] Initiating job submission...
[2026-04-23 04:43:01]   stage 2: 200 structures remaining, 200 running, 0 completed, 200 total
[2026-04-23 04:47:02]   stage 2: 150 structures remaining, 150 running, 50 completed, 200 total
[2026-04-23 04:49:02]   stage 2: 40 structures remaining, 25 running, 160 completed, 200 total
[2026-04-23 04:51:02]   stage 2: 20 structures remaining, 15 running, 180 completed, 200 total
[2026-04-23 04:53:02]   stage 2: 10 structures remaining, 5 running, 190 completed, 200 total
[2026-04-23 04:55:13] Starting analysis scripts for /trinity/rascar/enmr/csb_webserver/data/runs/haddock24/userrun00669245/run1/structures/it1/water
[2026-04-23 04:55:13]   calculating average structure and similarity matrices
[2026-04-23 04:55:13]   waiting for the average structure...
[2026-04-23 04:55:53]   running analysis scripts...
[2026-04-23 04:55:58]     calculating pairwise rmsd matrix
[2026-04-23 04:55:59]   waiting for the matrix file in it1/analysis...
[2026-04-23 04:55:59] Matrix file in it1/analysis is found
[2026-04-23 04:55:59] Running clustering for it1/
[2026-04-23 04:55:59] Clustering in /trinity/rascar/enmr/csb_webserver/data/runs/haddock24/userrun00669245/run1/structures/it1/analysis DONE
[2026-04-23 04:55:59] Check file /trinity/rascar/enmr/csb_webserver/data/runs/haddock24/userrun00669245/run1/structures/it1/analysis/cluster.out
[2026-04-23 04:56:09]   waiting for the matrix file in water/analysis...
[2026-04-23 04:58:39] Matrix file in water/analysis is found
[2026-04-23 04:58:39] Running clustering for it1/water
[2026-04-23 04:58:39] Running cluster in /trinity/rascar/enmr/csb_webserver/data/runs/haddock24/userrun00669245/run1/structures/it1/water/analysis
[2026-04-23 04:58:39] Clustering in /trinity/rascar/enmr/csb_webserver/data/runs/haddock24/userrun00669245/run1/structures/it1/water/analysis DONE
[2026-04-23 04:58:39] No clusters were found, reducing the cluster size and trying again...
[2026-04-23 04:58:39] `clust_size` reduced to: 2
[2026-04-23 04:58:39] Check file /trinity/rascar/enmr/csb_webserver/data/runs/haddock24/userrun00669245/run1/structures/it1/water/analysis/cluster.out
[2026-04-23 04:58:39] Cleaning up the run directory...
[2026-04-23 04:58:41] Only files for structure #1 will be kept...
[2026-04-23 04:58:41] 
[2026-04-23 04:58:41] ##############################################################################
[2026-04-23 04:58:41] Finishing HADDOCK
[2026-04-23 04:58:41] Au revoir. Tot ziens. Bye bye.
[2026-04-23 04:58:41] 
##############################################################################
#                                                                            #
# Starting HADDOCK2.5                                                        #
#                                                                            #
#         N-components version of HADDOCK (current maximum is 20)            #
#                                                                            #
#   Copyright 2003-2025 Alexandre Bonvin, Utrecht University.                #
#   Originally adapted from Aria 1.2 from Nilges and Linge, EMBL.            #
#   All rights reserved.                                                     #
#   This code is part of the HADDOCK software and governed by its            #
#   license. Please see the LICENSE file that should have been included      #
#   as part of this package.                                                 #
#                                                                            #
##############################################################################
    
[2026-04-23 04:58:41] Starting HADDOCK
[2026-04-23 04:58:41] HADDOCK version: 2.5 - December 2025
[2026-04-23 04:58:41] Parsing run.cns file
[2026-04-23 04:58:41] Parsing run.param in /trinity/rascar/enmr/csb_webserver/data/runs/haddock24/userrun00669245/run1/data
[2026-04-23 04:58:41] Reading parameters from the file /trinity/rascar/enmr/csb_webserver/data/runs/haddock24/userrun00669245/run1/data/run.param
[2026-04-23 04:58:41]   setting some variables:
[2026-04-23 04:58:41]     AMBIG_TBL set to: ambig.tbl
[2026-04-23 04:58:41]     HADDOCK_DIR set to: /trinity/rascar/enmr/software/haddock2.5
[2026-04-23 04:58:41]     N_COMP set to: 2
[2026-04-23 04:58:41]     PDB_FILE1 set to: protein1.pdb
[2026-04-23 04:58:41]     PROT_SEGID_1 set to: A
[2026-04-23 04:58:41]     PDB_FILE2 set to: protein2.pdb
[2026-04-23 04:58:41]     PROT_SEGID_2 set to: B
[2026-04-23 04:58:41]     PROJECT_DIR set to: .
[2026-04-23 04:58:41]     RUN_NUMBER set to: 1
[2026-04-23 04:58:41]   AMBIG_TBL ambig.tbl
[2026-04-23 04:58:41]   HADDOCK_DIR /trinity/rascar/enmr/software/haddock2.5
[2026-04-23 04:58:41]   N_COMP 2
[2026-04-23 04:58:41]   PDB_FILE1 protein1.pdb
[2026-04-23 04:58:41]   PROT_SEGID_1 A
[2026-04-23 04:58:41]   PDB_FILE2 protein2.pdb
[2026-04-23 04:58:41]   PROT_SEGID_2 B
[2026-04-23 04:58:41]   PROJECT_DIR .
[2026-04-23 04:58:41]   RUN_NUMBER 1
[2026-04-23 04:58:41] Looking for existing files
[2026-04-23 04:58:41] waterdock false
[2026-04-23 04:58:41]   waiting for the psf files...
[2026-04-23 04:58:51] Looking for iteration 0
[2026-04-23 04:58:51] file.list exists => iteration 0 finished.
[2026-04-23 04:58:52] Looking for iteration 1
[2026-04-23 04:58:52] file.list exists => iteration 1 finished.
[2026-04-23 04:58:52] CNS analysis files found in the it1/analysis directory.
[2026-04-23 04:58:52] To rerun the analysis delete the file 'DONE' in that directory.
[2026-04-23 04:58:52] File it1/water/file.list already exists => water refinement done.
[2026-04-23 04:58:52] CNS analysis files found in the it1/water/analysis directory.
[2026-04-23 04:58:52] To rerun the analysis delete the 'DONE' file in that directory.
[2026-04-23 04:58:52] Cluster file in it1/analysis already exist.
[2026-04-23 04:58:52] To rerun the clustering delete the 'CLUST_DONE' file in the analysis directory.
[2026-04-23 04:59:02] Cluster file in it1/water/analysis already exist.
[2026-04-23 04:59:02] To rerun the clustering delete the 'CLUST_DONE' file in the analysis directory.
[2026-04-23 04:59:02] Cleaning up the run directory...
[2026-04-23 04:59:02] Only files for structure #1 will be kept...
[2026-04-23 04:59:02] 
[2026-04-23 04:59:02] ##############################################################################
[2026-04-23 04:59:02] Finishing HADDOCK
[2026-04-23 04:59:02] Au revoir. Tot ziens. Bye bye.
Only files for structure #1 will be kept...
+ BEGIN: Thu Apr 23 04:59:23 2026
+ Parsing 201 contact files
+ Calculating Matrix
+ Writing matrix to <stdout>
+ END: Thu Apr 23 04:59:23 2026 [  0.01 seconds elapsed]
mv: No match.
/trinity/rascar/enmr/csb_webserver/data/results/haddock24/6886575225/669245-scrambled_boltz2_0/structures/it1/water/CAPRI_analysis/../analysis//RMSD_Calc.sh: line 58: [: ==: unary operator expected
/trinity/rascar/enmr/csb_webserver/data/results/haddock24/6886575225/669245-scrambled_boltz2_0/structures/it1/water/CAPRI_analysis/../analysis//RMSD_Calc.sh: line 192: [: missing `]'
/trinity/rascar/enmr/csb_webserver/data/results/haddock24/6886575225/669245-scrambled_boltz2_0/structures/it1/water/CAPRI_analysis/../analysis//RMSD_Calc.sh: line 58: [: ==: unary operator expected
/trinity/rascar/enmr/csb_webserver/data/results/haddock24/6886575225/669245-scrambled_boltz2_0/structures/it1/water/CAPRI_analysis/../analysis//RMSD_Calc.sh: line 192: [: missing `]'
rm: No match.
/usr/bin/ls: write error: Broken pipe
