Interface Mode ON
Loaded 200 structures
Using complex_14w.pdb as reference
Read 2 chains from contacts file: AB
Symmetry option on. Checking chain lengths: WARNING!! Chains have different lengths! (B:34 != A:1)
You main run into problems later on...
OK!
Generating ZONE definitions..
Symmetry option was turned on, but chains are not identical: Turning symmetry off
Defined 1 zone(s)
ZONE CLEAR \n ZONE A1-A1:A1-A1\n ZONE B5-B5:B5-B5 ZONE B6-B6:B6-B6 ZONE B7-B7:B7-B7 ZONE B8-B8:B8-B8 ZONE B9-B9:B9-B9 ZONE B10-B10:B10-B10 ZONE B11-B11:B11-B11 ZONE B12-B12:B12-B12 ZONE B13-B13:B13-B13 ZONE B14-B14:B14-B14 ZONE B15-B15:B15-B15 ZONE B16-B16:B16-B16\n FIT
RMS: 7.386
1
RMS: 7.277
1
RMS: 7.631
1
RMS: 7.675
1
RMS: 7.786
1
RMS: 7.021
1
RMS: 7.253
1
RMS: 7.340
1
RMS: 7.698
1
RMS: 7.303
1
RMS: 7.411
1
RMS: 7.780
1
RMS: 7.523
1
RMS: 7.219
1
RMS: 6.841
1
RMS: 7.219
1
RMS: 7.427
1
RMS: 7.404
1
RMS: 7.377
1
RMS: 7.218
1
RMS: 8.040
1
RMS: 7.165
1
RMS: 7.436
1
RMS: 7.710
1
RMS: 7.338
1
RMS: 7.677
1
RMS: 7.181
1
RMS: 7.856
1
RMS: 7.029
1
RMS: 6.951
1
RMS: 6.993
1
RMS: 8.132
1
RMS: 6.957
1
RMS: 6.902
1
RMS: 7.128
1
RMS: 7.668
1
RMS: 7.292
1
RMS: 7.051
1
RMS: 6.993
1
RMS: 7.006
1
RMS: 6.907
1
RMS: 7.751
1
RMS: 7.084
1
RMS: 7.070
1
RMS: 8.077
1
RMS: 6.838
1
RMS: 7.228
1
RMS: 7.811
1
RMS: 6.861
1
RMS: 7.243
1
RMS: 7.243
1
RMS: 7.093
1
RMS: 7.939
1
RMS: 7.179
1
RMS: 7.885
1
RMS: 7.299
1
RMS: 7.111
1
RMS: 8.152
1
RMS: 7.447
1
RMS: 6.775
1
RMS: 8.160
1
RMS: 6.910
1
RMS: 7.196
1
RMS: 7.116
1
RMS: 7.850
1
RMS: 7.079
1
RMS: 6.929
1
RMS: 7.854
1
RMS: 7.061
1
RMS: 7.129
1
RMS: 7.150
1
RMS: 7.026
1
RMS: 6.932
1
RMS: 6.862
1
RMS: 7.000
1
RMS: 7.199
1
RMS: 6.883
1
RMS: 7.361
1
RMS: 7.074
1
RMS: 7.674
1
RMS: 6.973
1
RMS: 7.867
1
RMS: 7.060
1
RMS: 7.066
1
RMS: 7.057
1
RMS: 7.468
1
RMS: 7.803
1
RMS: 7.469
1
RMS: 7.970
1
RMS: 7.006
1
RMS: 8.245
1
RMS: 7.004
1
RMS: 7.351
1
RMS: 7.256
1
RMS: 7.440
1
RMS: 7.577
1
RMS: 7.249
1
RMS: 7.150
1
RMS: 7.412
1
RMS: 7.355
1
RMS: 7.339
1
RMS: 7.063
1
RMS: 7.146
1
RMS: 7.873
1
RMS: 7.332
1
RMS: 7.235
1
RMS: 7.855
1
RMS: 7.398
1
RMS: 7.814
1
RMS: 6.799
1
RMS: 7.090
1
RMS: 7.862
1
RMS: 7.628
1
RMS: 7.216
1
RMS: 7.352
1
RMS: 7.418
1
RMS: 6.941
1
RMS: 7.381
1
RMS: 8.291
1
RMS: 7.520
1
RMS: 7.263
1
RMS: 7.438
1
RMS: 7.226
1
RMS: 7.552
1
RMS: 7.021
1
RMS: 8.124
1
RMS: 6.919
1
RMS: 7.236
1
RMS: 7.391
1
RMS: 7.026
1
RMS: 6.766
1
RMS: 7.400
1
RMS: 7.272
1
RMS: 7.379
1
RMS: 7.287
1
RMS: 7.126
1
RMS: 6.999
1
RMS: 6.919
1
RMS: 7.134
1
RMS: 7.854
1
RMS: 6.903
1
RMS: 7.481
1
RMS: 6.969
1
RMS: 7.232
1
RMS: 7.016
1
RMS: 7.584
1
RMS: 7.377
1
RMS: 7.276
1
RMS: 7.671
1
RMS: 7.069
1
RMS: 6.999
1
RMS: 7.147
1
RMS: 7.401
1
RMS: 7.012
1
RMS: 7.299
1
RMS: 6.920
1
RMS: 7.607
1
RMS: 7.259
1
RMS: 7.317
1
RMS: 6.855
1
RMS: 7.021
1
RMS: 7.253
1
RMS: 6.889
1
RMS: 7.265
1
RMS: 7.510
1
RMS: 6.888
1
RMS: 7.771
1
RMS: 7.010
1
RMS: 7.071
1
RMS: 7.160
1
RMS: 7.080
1
RMS: 7.244
1
RMS: 7.676
1
RMS: 6.748
1
RMS: 7.357
1
RMS: 6.962
1
RMS: 8.153
1
RMS: 8.317
1
RMS: 7.422
1
RMS: 7.307
1
RMS: 7.216
1
RMS: 7.820
1
RMS: 7.768
1
RMS: 7.419
1
RMS: 7.538
1
RMS: 6.997
1
RMS: 6.962
1
RMS: 7.634
1
RMS: 7.729
1
RMS: 57.937
1
RMS: 65.497
1
RMS: 75.294
1
RMS: 85.678
1
RMS: 63.173
1
RMS: 83.212
1
RMS: 97.992
1
RMS: 87.925
1
RMS: 66.717
1
RMS: 95.454
1
RMS: 103.733
1

