Ligand Mode ON
Loaded 200 structures
Using complex_14w.pdb as reference
Read 2 chains from reference file: AB
Symmetry option on. Checking chain lengths: WARNING!! Chains have different lengths! (B:34 != A:1)
You main run into problems later on...
OK!
Generating ZONE definitions..
Symmetry option was turned on, but chains are not identical: Turning symmetry off
Defined 1 zone(s)
ZONE CLEAR \n ZONE A* \n FIT \nRZONE B*\n
RMS: 8.097
1
RMS: 10.843
1
RMS: 23.841
1
RMS: 26.284
1
RMS: 16.493
1
RMS: 29.503
1
RMS: 8.182
1
RMS: 24.368
1
RMS: 24.370
1
RMS: 10.211
1
RMS: 28.812
1
RMS: 28.553
1
RMS: 26.305
1
RMS: 9.463
1
RMS: 23.216
1
RMS: 29.179
1
RMS: 8.407
1
RMS: 18.980
1
RMS: 8.493
1
RMS: 21.372
1
RMS: 19.323
1
RMS: 28.485
1
RMS: 24.625
1
RMS: 8.928
1
RMS: 8.744
1
RMS: 26.641
1
RMS: 8.293
1
RMS: 21.759
1
RMS: 19.356
1
RMS: 20.159
1
RMS: 18.809
1
RMS: 25.149
1
RMS: 26.942
1
RMS: 24.939
1
RMS: 10.938
1
RMS: 26.175
1
RMS: 9.511
1
RMS: 8.913
1
RMS: 21.133
1
RMS: 21.951
1
RMS: 12.206
1
RMS: 18.327
1
RMS: 23.287
1
RMS: 9.084
1
RMS: 35.367
1
RMS: 23.041
1
RMS: 26.159
1
RMS: 25.968
1
RMS: 21.808
1
RMS: 9.538
1
RMS: 26.140
1
RMS: 24.691
1
RMS: 27.870
1
RMS: 29.503
1
RMS: 17.752
1
RMS: 25.640
1
RMS: 27.468
1
RMS: 19.749
1
RMS: 29.264
1
RMS: 9.591
1
RMS: 18.690
1
RMS: 20.022
1
RMS: 21.716
1
RMS: 28.700
1
RMS: 29.824
1
RMS: 29.334
1
RMS: 22.609
1
RMS: 25.186
1
RMS: 22.037
1
RMS: 19.135
1
RMS: 30.423
1
RMS: 26.474
1
RMS: 27.250
1
RMS: 25.127
1
RMS: 28.405
1
RMS: 28.794
1
RMS: 30.154
1
RMS: 29.033
1
RMS: 24.882
1
RMS: 23.244
1
RMS: 18.721
1
RMS: 31.339
1
RMS: 5.295
1
RMS: 26.993
1
RMS: 17.382
1
RMS: 9.152
1
RMS: 29.636
1
RMS: 27.594
1
RMS: 17.267
1
RMS: 24.835
1
RMS: 24.001
1
RMS: 19.204
1
RMS: 19.688
1
RMS: 29.396
1
RMS: 19.755
1
RMS: 27.595
1
RMS: 8.490
1
RMS: 27.613
1
RMS: 10.516
1
RMS: 10.206
1
RMS: 12.648
1
RMS: 20.893
1
RMS: 29.204
1
RMS: 14.346
1
RMS: 9.366
1
RMS: 19.000
1
RMS: 30.579
1
RMS: 28.899
1
RMS: 17.961
1
RMS: 14.599
1
RMS: 11.956
1
RMS: 16.340
1
RMS: 25.965
1
RMS: 9.367
1
RMS: 11.254
1
RMS: 26.240
1
RMS: 12.119
1
RMS: 29.545
1
RMS: 31.982
1
RMS: 12.579
1
RMS: 29.863
1
RMS: 29.062
1
RMS: 30.407
1
RMS: 21.326
1
RMS: 24.065
1
RMS: 25.904
1
RMS: 23.893
1
RMS: 24.543
1
RMS: 8.141
1
RMS: 19.951
1
RMS: 21.341
1
RMS: 23.497
1
RMS: 24.002
1
RMS: 10.255
1
RMS: 31.239
1
RMS: 24.623
1
RMS: 23.766
1
RMS: 20.119
1
RMS: 7.899
1
RMS: 26.345
1
RMS: 24.999
1
RMS: 26.592
1
RMS: 23.385
1
RMS: 21.146
1
RMS: 25.047
1
RMS: 9.373
1
RMS: 28.809
1
RMS: 22.516
1
RMS: 16.427
1
RMS: 28.859
1
RMS: 16.264
1
RMS: 9.224
1
RMS: 29.532
1
RMS: 26.626
1
RMS: 24.712
1
RMS: 23.017
1
RMS: 8.823
1
RMS: 8.074
1
RMS: 7.797
1
RMS: 8.738
1
RMS: 11.671
1
RMS: 7.396
1
RMS: 9.102
1
RMS: 23.743
1
RMS: 8.587
1
RMS: 25.825
1
RMS: 23.384
1
RMS: 17.226
1
RMS: 26.472
1
RMS: 22.446
1
RMS: 21.553
1
RMS: 9.491
1
RMS: 6.865
1
RMS: 24.758
1
RMS: 27.765
1
RMS: 25.411
1
RMS: 31.025
1
RMS: 18.961
1
RMS: 18.901
1
RMS: 16.201
1
RMS: 6.177
1
RMS: 21.778
1
RMS: 20.559
1
RMS: 26.180
1
RMS: 17.000
1
RMS: 26.057
1
RMS: 26.405
1
RMS: 27.580
1
RMS: 21.803
1
RMS: 120.558
1
RMS: 166.577
1
RMS: 147.541
1
RMS: 216.216
1
RMS: 159.979
1
RMS: 174.810
1
RMS: 233.194
1
RMS: 129.952
1
RMS: 105.278
1
RMS: 205.371
1
RMS: 208.710
1

