Interface Mode ON
Loaded 200 structures
Using complex_89w.pdb as reference
Read 2 chains from contacts file: AB
Symmetry option on. Checking chain lengths: WARNING!! Chains have different lengths! (B:50 != A:1)
You main run into problems later on...
OK!
Generating ZONE definitions..
Symmetry option was turned on, but chains are not identical: Turning symmetry off
Defined 1 zone(s)
ZONE CLEAR \n ZONE A1-A1:A1-A1\n ZONE B16-B16:B16-B16 ZONE B17-B17:B17-B17 ZONE B18-B18:B18-B18 ZONE B19-B19:B19-B19 ZONE B20-B20:B20-B20 ZONE B21-B21:B21-B21 ZONE B22-B22:B22-B22 ZONE B23-B23:B23-B23 ZONE B24-B24:B24-B24 ZONE B33-B33:B33-B33 ZONE B34-B34:B34-B34 ZONE B35-B35:B35-B35 ZONE B36-B36:B36-B36 ZONE B37-B37:B37-B37 ZONE B38-B38:B38-B38 ZONE B39-B39:B39-B39\n FIT
RMS: 14.121
1
RMS: 13.615
1
RMS: 13.871
1
RMS: 14.726
1
RMS: 14.016
1
RMS: 13.648
1
RMS: 13.659
1
RMS: 16.802
1
RMS: 15.155
1
RMS: 14.183
1
RMS: 15.656
1
RMS: 14.225
1
RMS: 15.283
1
RMS: 15.558
1
RMS: 14.310
1
RMS: 13.571
1
RMS: 13.701
1
RMS: 14.331
1
RMS: 16.745
1
RMS: 15.344
1
RMS: 14.147
1
RMS: 14.559
1
RMS: 13.804
1
RMS: 15.296
1
RMS: 15.505
1
RMS: 14.427
1
RMS: 15.651
1
RMS: 13.782
1
RMS: 14.181
1
RMS: 13.492
1
RMS: 15.417
1
RMS: 14.312
1
RMS: 14.382
1
RMS: 15.803
1
RMS: 16.499
1
RMS: 15.398
1
RMS: 14.345
1
RMS: 14.297
1
RMS: 14.256
1
RMS: 15.716
1
RMS: 13.782
1
RMS: 14.284
1
RMS: 14.352
1
RMS: 13.881
1
RMS: 14.067
1
RMS: 15.622
1
RMS: 16.079
1
RMS: 15.577
1
RMS: 15.516
1
RMS: 13.375
1
RMS: 13.827
1
RMS: 13.675
1
RMS: 14.497
1
RMS: 15.445
1
RMS: 15.766
1
RMS: 13.775
1
RMS: 15.309
1
RMS: 15.650
1
RMS: 13.846
1
RMS: 16.520
1
RMS: 14.167
1
RMS: 13.973
1
RMS: 13.752
1
RMS: 15.817
1
RMS: 13.598
1
RMS: 13.927
1
RMS: 15.477
1
RMS: 15.812
1
RMS: 15.435
1
RMS: 17.447
1
RMS: 13.579
1
RMS: 14.138
1
RMS: 14.284
1
RMS: 15.260
1
RMS: 13.774
1
RMS: 16.301
1
RMS: 14.312
1
RMS: 14.280
1
RMS: 15.783
1
RMS: 14.384
1
RMS: 14.254
1
RMS: 16.531
1
RMS: 14.828
1
RMS: 14.372
1
RMS: 16.950
1
RMS: 15.005
1
RMS: 14.374
1
RMS: 15.308
1
RMS: 14.123
1
RMS: 14.792
1
RMS: 15.427
1
RMS: 15.654
1
RMS: 14.250
1
RMS: 14.263
1
RMS: 14.216
1
RMS: 14.227
1
RMS: 14.358
1
RMS: 15.587
1
RMS: 16.541
1
RMS: 15.182
1
RMS: 15.692
1
RMS: 15.337
1
RMS: 13.887
1
RMS: 15.527
1
RMS: 14.457
1
RMS: 15.643
1
RMS: 14.279
1
RMS: 15.962
1
RMS: 15.919
1
RMS: 15.395
1
RMS: 15.809
1
RMS: 15.719
1
RMS: 15.811
1
RMS: 15.514
1
RMS: 15.463
1
RMS: 15.527
1
RMS: 15.119
1
RMS: 14.483
1
RMS: 16.287
1
RMS: 14.170
1
RMS: 14.181
1
RMS: 15.647
1
RMS: 16.035
1
RMS: 15.563
1
RMS: 15.726
1
RMS: 15.297
1
RMS: 15.666
1
RMS: 15.618
1
RMS: 14.258
1
RMS: 15.396
1
RMS: 14.200
1
RMS: 15.572
1
RMS: 14.441
1
RMS: 15.440
1
RMS: 14.323
1
RMS: 15.481
1
RMS: 14.127
1
RMS: 15.821
1
RMS: 15.991
1
RMS: 16.298
1
RMS: 15.695
1
RMS: 15.915
1
RMS: 16.573
1
RMS: 15.651
1
RMS: 14.400
1
RMS: 14.473
1
RMS: 15.778
1
RMS: 16.174
1
RMS: 15.990
1
RMS: 16.210
1
RMS: 16.379
1
RMS: 15.922
1
RMS: 15.521
1
RMS: 15.952
1
RMS: 15.075
1
RMS: 17.466
1
RMS: 15.141
1
RMS: 15.315
1
RMS: 15.832
1
RMS: 15.733
1
RMS: 15.130
1
RMS: 15.758
1
RMS: 15.095
1
RMS: 14.123
1
RMS: 14.270
1
RMS: 15.514
1
RMS: 15.921
1
RMS: 14.394
1
RMS: 16.796
1
RMS: 16.019
1
RMS: 15.430
1
RMS: 16.758
1
RMS: 16.437
1
RMS: 15.628
1
RMS: 15.959
1
RMS: 15.334
1
RMS: 15.493
1
RMS: 15.537
1
RMS: 15.756
1
RMS: 15.668
1
RMS: 17.022
1
RMS: 16.814
1
RMS: 15.802
1
RMS: 15.696
1
RMS: 17.086
1
RMS: 15.637
1
RMS: 14.341
1
RMS: 15.295
1
RMS: 15.884
1
RMS: 15.640
1
RMS: 15.485
1
RMS: 15.766
1
RMS: 15.272
1
RMS: 16.556
1
RMS: 13.543
1
RMS: 15.274
1
RMS: 16.890
1
RMS: 16.618
1
RMS: 16.901
1
RMS: 15.339
1

