Ligand Mode ON
Loaded 200 structures
Using complex_89w.pdb as reference
Read 2 chains from reference file: AB
Symmetry option on. Checking chain lengths: WARNING!! Chains have different lengths! (B:50 != A:1)
You main run into problems later on...
OK!
Generating ZONE definitions..
Symmetry option was turned on, but chains are not identical: Turning symmetry off
Defined 1 zone(s)
ZONE CLEAR \n ZONE A* \n FIT \nRZONE B*\n
RMS: 15.652
1
RMS: 19.217
1
RMS: 16.611
1
RMS: 20.077
1
RMS: 17.890
1
RMS: 20.150
1
RMS: 19.385
1
RMS: 29.608
1
RMS: 24.176
1
RMS: 18.545
1
RMS: 25.582
1
RMS: 16.456
1
RMS: 24.201
1
RMS: 25.586
1
RMS: 19.644
1
RMS: 19.827
1
RMS: 20.936
1
RMS: 18.600
1
RMS: 31.023
1
RMS: 23.521
1
RMS: 17.419
1
RMS: 21.193
1
RMS: 14.687
1
RMS: 23.518
1
RMS: 27.021
1
RMS: 24.291
1
RMS: 27.215
1
RMS: 22.542
1
RMS: 17.794
1
RMS: 11.671
1
RMS: 24.090
1
RMS: 19.495
1
RMS: 17.662
1
RMS: 27.682
1
RMS: 33.059
1
RMS: 25.854
1
RMS: 19.458
1
RMS: 16.655
1
RMS: 19.952
1
RMS: 26.795
1
RMS: 19.369
1
RMS: 18.038
1
RMS: 24.462
1
RMS: 23.336
1
RMS: 15.662
1
RMS: 27.403
1
RMS: 28.809
1
RMS: 27.237
1
RMS: 23.371
1
RMS: 16.426
1
RMS: 21.843
1
RMS: 21.527
1
RMS: 18.703
1
RMS: 26.649
1
RMS: 27.341
1
RMS: 16.108
1
RMS: 23.769
1
RMS: 24.762
1
RMS: 22.361
1
RMS: 28.726
1
RMS: 17.210
1
RMS: 16.583
1
RMS: 15.785
1
RMS: 28.290
1
RMS: 21.477
1
RMS: 22.672
1
RMS: 26.973
1
RMS: 27.020
1
RMS: 27.193
1
RMS: 35.820
1
RMS: 11.405
1
RMS: 17.582
1
RMS: 19.489
1
RMS: 24.777
1
RMS: 21.898
1
RMS: 32.216
1
RMS: 23.260
1
RMS: 19.398
1
RMS: 26.885
1
RMS: 16.161
1
RMS: 19.642
1
RMS: 30.780
1
RMS: 24.238
1
RMS: 24.264
1
RMS: 34.387
1
RMS: 23.969
1
RMS: 22.266
1
RMS: 24.711
1
RMS: 19.467
1
RMS: 20.690
1
RMS: 23.930
1
RMS: 24.878
1
RMS: 19.280
1
RMS: 19.358
1
RMS: 15.685
1
RMS: 15.977
1
RMS: 22.704
1
RMS: 25.264
1
RMS: 29.751
1
RMS: 23.411
1
RMS: 25.186
1
RMS: 23.637
1
RMS: 22.593
1
RMS: 25.365
1
RMS: 24.255
1
RMS: 27.799
1
RMS: 16.704
1
RMS: 25.233
1
RMS: 25.700
1
RMS: 24.979
1
RMS: 27.314
1
RMS: 27.182
1
RMS: 27.361
1
RMS: 24.451
1
RMS: 26.448
1
RMS: 28.567
1
RMS: 23.254
1
RMS: 19.976
1
RMS: 27.560
1
RMS: 18.885
1
RMS: 18.439
1
RMS: 25.454
1
RMS: 28.243
1
RMS: 26.471
1
RMS: 27.330
1
RMS: 23.158
1
RMS: 26.719
1
RMS: 27.075
1
RMS: 24.451
1
RMS: 25.052
1
RMS: 15.649
1
RMS: 26.262
1
RMS: 19.907
1
RMS: 23.577
1
RMS: 19.833
1
RMS: 25.949
1
RMS: 22.149
1
RMS: 26.624
1
RMS: 27.229
1
RMS: 31.592
1
RMS: 25.113
1
RMS: 28.362
1
RMS: 32.431
1
RMS: 27.221
1
RMS: 20.510
1
RMS: 20.373
1
RMS: 27.364
1
RMS: 28.564
1
RMS: 30.707
1
RMS: 27.409
1
RMS: 32.861
1
RMS: 27.987
1
RMS: 28.351
1
RMS: 29.304
1
RMS: 23.100
1
RMS: 33.857
1
RMS: 22.933
1
RMS: 23.493
1
RMS: 27.611
1
RMS: 27.013
1
RMS: 22.490
1
RMS: 27.277
1
RMS: 25.432
1
RMS: 18.096
1
RMS: 19.791
1
RMS: 26.433
1
RMS: 27.936
1
RMS: 22.157
1
RMS: 31.002
1
RMS: 28.496
1
RMS: 26.514
1
RMS: 30.751
1
RMS: 28.125
1
RMS: 27.572
1
RMS: 26.520
1
RMS: 24.406
1
RMS: 25.814
1
RMS: 25.164
1
RMS: 26.715
1
RMS: 26.637
1
RMS: 31.975
1
RMS: 30.639
1
RMS: 27.359
1
RMS: 27.821
1
RMS: 31.981
1
RMS: 28.027
1
RMS: 21.322
1
RMS: 26.341
1
RMS: 26.535
1
RMS: 24.735
1
RMS: 26.390
1
RMS: 28.850
1
RMS: 24.688
1
RMS: 29.803
1
RMS: 23.090
1
RMS: 25.091
1
RMS: 28.964
1
RMS: 30.412
1
RMS: 32.177
1
RMS: 25.888
1

