Reference: complex_89w.pdb
Working directory: /trinity/rascar/enmr/csb_webserver/data/results/haddock24/6886575225/669245-scrambled_boltz2_0/structures/it1/water/CAPRI_analysis
List of PDB files: file.nam-analysis
Analysis directory: CAPRI_analysis
Scripts directory: /trinity/rascar/enmr/csb_webserver/data/results/haddock24/6886575225/669245-scrambled_boltz2_0/structures/it1/water/CAPRI_analysis/../analysis/
Reference contact file (created later on): complex_89w.contacts
Contacts list: file.nam-analysis_contacts
Starts analysis script...
Contacts files creation...
DONE
FNAT calculation...
fnat file ok
DONE
i-RMSD calculation...
irmsd file ok
DONE
l-RMSD calculation...
lrmsd file ok
DONE
Values compiled file ok
DONE
