[2026-04-27 09:20:58] 
##############################################################################
#                                                                            #
# Starting HADDOCK2.5                                                        #
#                                                                            #
#         N-components version of HADDOCK (current maximum is 20)            #
#                                                                            #
#   Copyright 2003-2025 Alexandre Bonvin, Utrecht University.                #
#   Originally adapted from Aria 1.2 from Nilges and Linge, EMBL.            #
#   All rights reserved.                                                     #
#   This code is part of the HADDOCK software and governed by its            #
#   license. Please see the LICENSE file that should have been included      #
#   as part of this package.                                                 #
#                                                                            #
##############################################################################
    
[2026-04-27 09:20:58] Starting HADDOCK
[2026-04-27 09:20:58] HADDOCK version: 2.5 - December 2025
[2026-04-27 09:20:58] Parsing run.cns file
[2026-04-27 09:20:58] Parsing run.param in /trinity/rascar/enmr/csb_webserver/data/runs/haddock24/userrun00672620/run1/data
[2026-04-27 09:20:58] Reading parameters from the file /trinity/rascar/enmr/csb_webserver/data/runs/haddock24/userrun00672620/run1/data/run.param
[2026-04-27 09:20:58]   setting some variables:
[2026-04-27 09:20:58]     AMBIG_TBL set to: ambig.tbl
[2026-04-27 09:20:58]     HADDOCK_DIR set to: /trinity/rascar/enmr/software/haddock2.5
[2026-04-27 09:20:58]     N_COMP set to: 2
[2026-04-27 09:20:58]     PDB_FILE1 set to: protein1.pdb
[2026-04-27 09:20:58]     PROT_SEGID_1 set to: A
[2026-04-27 09:20:58]     PDB_FILE2 set to: protein2.pdb
[2026-04-27 09:20:58]     PROT_SEGID_2 set to: B
[2026-04-27 09:20:58]     PROJECT_DIR set to: .
[2026-04-27 09:20:58]     RUN_NUMBER set to: 1
[2026-04-27 09:20:58]   AMBIG_TBL ambig.tbl
[2026-04-27 09:20:58]   HADDOCK_DIR /trinity/rascar/enmr/software/haddock2.5
[2026-04-27 09:20:58]   N_COMP 2
[2026-04-27 09:20:58]   PDB_FILE1 protein1.pdb
[2026-04-27 09:20:58]   PROT_SEGID_1 A
[2026-04-27 09:20:58]   PDB_FILE2 protein2.pdb
[2026-04-27 09:20:58]   PROT_SEGID_2 B
[2026-04-27 09:20:58]   PROJECT_DIR .
[2026-04-27 09:20:58]   RUN_NUMBER 1
[2026-04-27 09:20:58] Looking for existing files
[2026-04-27 09:20:58] waterdock false
[2026-04-27 09:20:58] Generating PSF and PDB file of molecule 1
[2026-04-27 09:20:58] Generating PSF and PDB file of molecule 2
[2026-04-27 09:20:58]   waiting for the psf files...
[2026-04-27 09:21:19] Merging topologies and coordinates files
[2026-04-27 09:21:21]   waiting for the merged files...
[2026-04-27 09:21:31] Looking for iteration 0
[2026-04-27 09:21:31] Starting rigid-body docking: 1000 structures
[2026-04-27 09:21:31] Initiating job submission...
[2026-04-27 09:35:13]   stage 0: 1000 structures remaining, 1000 running, 0 completed, 1000 total
[2026-04-27 09:37:14]   stage 0: 720 structures remaining, 540 running, 280 completed, 1000 total
[2026-04-27 09:39:16]   stage 0: 420 structures remaining, 360 running, 580 completed, 1000 total
[2026-04-27 09:41:16]   stage 0: 60 structures remaining, 20 running, 940 completed, 1000 total
[2026-04-27 09:43:26] Looking for iteration 1
[2026-04-27 09:43:26] Starting semi-flexible refinement: 200 structures
[2026-04-27 09:43:26] Initiating job submission...
[2026-04-27 09:53:06]   stage 1: 200 structures remaining, 200 running, 0 completed, 200 total
[2026-04-27 09:55:06]   stage 1: 195 structures remaining, 195 running, 5 completed, 200 total
[2026-04-27 09:57:06]   stage 1: 125 structures remaining, 120 running, 75 completed, 200 total
[2026-04-27 09:59:07]   stage 1: 110 structures remaining, 110 running, 90 completed, 200 total
[2026-04-27 10:01:07]   stage 1: 15 structures remaining, 10 running, 185 completed, 200 total
[2026-04-27 10:03:17] Starting analysis scripts for /trinity/rascar/enmr/csb_webserver/data/runs/haddock24/userrun00672620/run1/structures/it1
[2026-04-27 10:03:17]   calculating average structure and similarity matrices
[2026-04-27 10:03:17]   waiting for the average structure...
[2026-04-27 10:03:47]   running analysis scripts...
[2026-04-27 10:03:52]     calculating pairwise rmsd matrix
[2026-04-27 10:03:53] Starting final refinement: 200 structures
[2026-04-27 10:03:53] Initiating job submission...
[2026-04-27 10:15:32]   stage 2: 200 structures remaining, 200 running, 0 completed, 200 total
[2026-04-27 10:19:33]   stage 2: 170 structures remaining, 170 running, 30 completed, 200 total
[2026-04-27 10:23:34]   stage 2: 80 structures remaining, 80 running, 120 completed, 200 total
[2026-04-27 10:25:44] Starting analysis scripts for /trinity/rascar/enmr/csb_webserver/data/runs/haddock24/userrun00672620/run1/structures/it1/water
[2026-04-27 10:25:44]   calculating average structure and similarity matrices
[2026-04-27 10:25:44]   waiting for the average structure...
[2026-04-27 10:26:14]   running analysis scripts...
[2026-04-27 10:26:19]     calculating pairwise rmsd matrix
[2026-04-27 10:26:20]   waiting for the matrix file in it1/analysis...
[2026-04-27 10:26:20] Matrix file in it1/analysis is found
[2026-04-27 10:26:20] Running clustering for it1/
[2026-04-27 10:26:20] Clustering in /trinity/rascar/enmr/csb_webserver/data/runs/haddock24/userrun00672620/run1/structures/it1/analysis DONE
[2026-04-27 10:26:20] Check file /trinity/rascar/enmr/csb_webserver/data/runs/haddock24/userrun00672620/run1/structures/it1/analysis/cluster.out
[2026-04-27 10:26:30]   waiting for the matrix file in water/analysis...
[2026-04-27 10:28:30] Matrix file in water/analysis is found
[2026-04-27 10:28:30] Running clustering for it1/water
[2026-04-27 10:28:30] Running cluster in /trinity/rascar/enmr/csb_webserver/data/runs/haddock24/userrun00672620/run1/structures/it1/water/analysis
[2026-04-27 10:28:30] Clustering in /trinity/rascar/enmr/csb_webserver/data/runs/haddock24/userrun00672620/run1/structures/it1/water/analysis DONE
[2026-04-27 10:28:30] No clusters were found, reducing the cluster size and trying again...
[2026-04-27 10:28:30] `clust_size` reduced to: 2
[2026-04-27 10:28:30] Check file /trinity/rascar/enmr/csb_webserver/data/runs/haddock24/userrun00672620/run1/structures/it1/water/analysis/cluster.out
[2026-04-27 10:28:30] Cleaning up the run directory...
[2026-04-27 10:28:32] Only files for structure #1 will be kept...
[2026-04-27 10:28:32] 
[2026-04-27 10:28:32] ##############################################################################
[2026-04-27 10:28:32] Finishing HADDOCK
[2026-04-27 10:28:32] Au revoir. Tot ziens. Bye bye.
[2026-04-27 10:28:33] 
##############################################################################
#                                                                            #
# Starting HADDOCK2.5                                                        #
#                                                                            #
#         N-components version of HADDOCK (current maximum is 20)            #
#                                                                            #
#   Copyright 2003-2025 Alexandre Bonvin, Utrecht University.                #
#   Originally adapted from Aria 1.2 from Nilges and Linge, EMBL.            #
#   All rights reserved.                                                     #
#   This code is part of the HADDOCK software and governed by its            #
#   license. Please see the LICENSE file that should have been included      #
#   as part of this package.                                                 #
#                                                                            #
##############################################################################
    
[2026-04-27 10:28:33] Starting HADDOCK
[2026-04-27 10:28:33] HADDOCK version: 2.5 - December 2025
[2026-04-27 10:28:33] Parsing run.cns file
[2026-04-27 10:28:33] Parsing run.param in /trinity/rascar/enmr/csb_webserver/data/runs/haddock24/userrun00672620/run1/data
[2026-04-27 10:28:33] Reading parameters from the file /trinity/rascar/enmr/csb_webserver/data/runs/haddock24/userrun00672620/run1/data/run.param
[2026-04-27 10:28:33]   setting some variables:
[2026-04-27 10:28:33]     AMBIG_TBL set to: ambig.tbl
[2026-04-27 10:28:33]     HADDOCK_DIR set to: /trinity/rascar/enmr/software/haddock2.5
[2026-04-27 10:28:33]     N_COMP set to: 2
[2026-04-27 10:28:33]     PDB_FILE1 set to: protein1.pdb
[2026-04-27 10:28:33]     PROT_SEGID_1 set to: A
[2026-04-27 10:28:33]     PDB_FILE2 set to: protein2.pdb
[2026-04-27 10:28:33]     PROT_SEGID_2 set to: B
[2026-04-27 10:28:33]     PROJECT_DIR set to: .
[2026-04-27 10:28:33]     RUN_NUMBER set to: 1
[2026-04-27 10:28:33]   AMBIG_TBL ambig.tbl
[2026-04-27 10:28:33]   HADDOCK_DIR /trinity/rascar/enmr/software/haddock2.5
[2026-04-27 10:28:33]   N_COMP 2
[2026-04-27 10:28:33]   PDB_FILE1 protein1.pdb
[2026-04-27 10:28:33]   PROT_SEGID_1 A
[2026-04-27 10:28:33]   PDB_FILE2 protein2.pdb
[2026-04-27 10:28:33]   PROT_SEGID_2 B
[2026-04-27 10:28:33]   PROJECT_DIR .
[2026-04-27 10:28:33]   RUN_NUMBER 1
[2026-04-27 10:28:33] Looking for existing files
[2026-04-27 10:28:33] waterdock false
[2026-04-27 10:28:33]   waiting for the psf files...
[2026-04-27 10:28:43] Looking for iteration 0
[2026-04-27 10:28:43] file.list exists => iteration 0 finished.
[2026-04-27 10:28:43] Looking for iteration 1
[2026-04-27 10:28:43] file.list exists => iteration 1 finished.
[2026-04-27 10:28:43] CNS analysis files found in the it1/analysis directory.
[2026-04-27 10:28:43] To rerun the analysis delete the file 'DONE' in that directory.
[2026-04-27 10:28:43] File it1/water/file.list already exists => water refinement done.
[2026-04-27 10:28:43] CNS analysis files found in the it1/water/analysis directory.
[2026-04-27 10:28:43] To rerun the analysis delete the 'DONE' file in that directory.
[2026-04-27 10:28:43] Cluster file in it1/analysis already exist.
[2026-04-27 10:28:43] To rerun the clustering delete the 'CLUST_DONE' file in the analysis directory.
[2026-04-27 10:28:53] Cluster file in it1/water/analysis already exist.
[2026-04-27 10:28:53] To rerun the clustering delete the 'CLUST_DONE' file in the analysis directory.
[2026-04-27 10:28:53] Cleaning up the run directory...
[2026-04-27 10:28:53] Only files for structure #1 will be kept...
[2026-04-27 10:28:53] 
[2026-04-27 10:28:53] ##############################################################################
[2026-04-27 10:28:53] Finishing HADDOCK
[2026-04-27 10:28:53] Au revoir. Tot ziens. Bye bye.
Only files for structure #1 will be kept...
+ BEGIN: Mon Apr 27 10:29:12 2026
+ Parsing 201 contact files
+ Calculating Matrix
+ Writing matrix to <stdout>
+ END: Mon Apr 27 10:29:12 2026 [  0.01 seconds elapsed]
mv: No match.
/trinity/rascar/enmr/csb_webserver/data/results/haddock24/6886575225/672620-scrambled_boltz2_letsgo_2/structures/it1/water/CAPRI_analysis/../analysis//RMSD_Calc.sh: line 58: [: ==: unary operator expected
/trinity/rascar/enmr/csb_webserver/data/results/haddock24/6886575225/672620-scrambled_boltz2_letsgo_2/structures/it1/water/CAPRI_analysis/../analysis//RMSD_Calc.sh: line 192: [: missing `]'
/trinity/rascar/enmr/csb_webserver/data/results/haddock24/6886575225/672620-scrambled_boltz2_letsgo_2/structures/it1/water/CAPRI_analysis/../analysis//RMSD_Calc.sh: line 58: [: ==: unary operator expected
/trinity/rascar/enmr/csb_webserver/data/results/haddock24/6886575225/672620-scrambled_boltz2_letsgo_2/structures/it1/water/CAPRI_analysis/../analysis//RMSD_Calc.sh: line 192: [: missing `]'
rm: No match.
/usr/bin/ls: write error: Broken pipe
