[2026-04-22 12:16:31] 
##############################################################################
#                                                                            #
# Starting HADDOCK2.5                                                        #
#                                                                            #
#         N-components version of HADDOCK (current maximum is 20)            #
#                                                                            #
#   Copyright 2003-2025 Alexandre Bonvin, Utrecht University.                #
#   Originally adapted from Aria 1.2 from Nilges and Linge, EMBL.            #
#   All rights reserved.                                                     #
#   This code is part of the HADDOCK software and governed by its            #
#   license. Please see the LICENSE file that should have been included      #
#   as part of this package.                                                 #
#                                                                            #
##############################################################################
    
[2026-04-22 12:16:31] Starting HADDOCK
[2026-04-22 12:16:31] HADDOCK version: 2.5 - December 2025
[2026-04-22 12:16:31] Parsing run.cns file
[2026-04-22 12:16:31] Parsing run.param in /trinity/rascar/enmr/csb_webserver/data/runs/haddock24/userrun00668631/run1/data
[2026-04-22 12:16:31] Reading parameters from the file /trinity/rascar/enmr/csb_webserver/data/runs/haddock24/userrun00668631/run1/data/run.param
[2026-04-22 12:16:31]   setting some variables:
[2026-04-22 12:16:31]     AMBIG_TBL set to: ambig.tbl
[2026-04-22 12:16:31]     HADDOCK_DIR set to: /trinity/rascar/enmr/software/haddock2.5
[2026-04-22 12:16:31]     N_COMP set to: 2
[2026-04-22 12:16:31]     PDB_FILE1 set to: protein1.pdb
[2026-04-22 12:16:31]     PROT_SEGID_1 set to: A
[2026-04-22 12:16:31]     PDB_FILE2 set to: protein2.pdb
[2026-04-22 12:16:31]     PROT_SEGID_2 set to: B
[2026-04-22 12:16:31]     PROJECT_DIR set to: .
[2026-04-22 12:16:31]     RUN_NUMBER set to: 1
[2026-04-22 12:16:31]   AMBIG_TBL ambig.tbl
[2026-04-22 12:16:31]   HADDOCK_DIR /trinity/rascar/enmr/software/haddock2.5
[2026-04-22 12:16:31]   N_COMP 2
[2026-04-22 12:16:31]   PDB_FILE1 protein1.pdb
[2026-04-22 12:16:31]   PROT_SEGID_1 A
[2026-04-22 12:16:31]   PDB_FILE2 protein2.pdb
[2026-04-22 12:16:31]   PROT_SEGID_2 B
[2026-04-22 12:16:31]   PROJECT_DIR .
[2026-04-22 12:16:31]   RUN_NUMBER 1
[2026-04-22 12:16:31] Looking for existing files
[2026-04-22 12:16:31] waterdock false
[2026-04-22 12:16:31] Generating PSF and PDB file of molecule 1
[2026-04-22 12:16:31] Generating PSF and PDB file of molecule 2
[2026-04-22 12:16:31]   waiting for the psf files...
[2026-04-22 12:16:52] Merging topologies and coordinates files
[2026-04-22 12:16:54]   waiting for the merged files...
[2026-04-22 12:17:04] Looking for iteration 0
[2026-04-22 12:17:04] Starting rigid-body docking: 1000 structures
[2026-04-22 12:17:04] Initiating job submission...
[2026-04-22 12:28:46]   stage 0: 1000 structures remaining, 1000 running, 0 completed, 1000 total
[2026-04-22 12:32:49]   stage 0: 980 structures remaining, 980 running, 20 completed, 1000 total
[2026-04-22 12:36:50]   stage 0: 420 structures remaining, 420 running, 580 completed, 1000 total
[2026-04-22 12:39:01] Looking for iteration 1
[2026-04-22 12:39:01] Starting semi-flexible refinement: 200 structures
[2026-04-22 12:39:01] Initiating job submission...
[2026-04-22 12:56:41]   stage 1: 200 structures remaining, 200 running, 0 completed, 200 total
[2026-04-22 12:56:41]   Waiting to restart job...
[2026-04-22 12:56:48]   stage 1: 200 structures remaining, 1 running, 0 completed, 200 total
[2026-04-22 12:56:48]   Waiting to restart job...
[2026-04-22 12:56:48]   Waiting to restart job...
[2026-04-22 12:56:48]   Waiting to restart job...
[2026-04-22 12:56:48]   Waiting to restart job...
[2026-04-22 12:56:54]   Waiting to restart job...
[2026-04-22 12:56:54]   Waiting to restart job...
[2026-04-22 12:56:54]   Waiting to restart job...
[2026-04-22 12:56:54]   Waiting to restart job...
[2026-04-22 12:56:54]   Waiting to restart job...
[2026-04-22 12:56:59]   Waiting to restart job...
[2026-04-22 12:56:59]   Waiting to restart job...
[2026-04-22 12:56:59]   Waiting to restart job...
[2026-04-22 12:56:59]   Waiting to restart job...
[2026-04-22 12:56:59]   Waiting to restart job...
[2026-04-22 12:57:05]   Waiting to restart job...
[2026-04-22 12:57:05]   Waiting to restart job...
[2026-04-22 12:57:05]   Waiting to restart job...
[2026-04-22 12:57:05]   Waiting to restart job...
[2026-04-22 12:57:05]   Waiting to restart job...
[2026-04-22 12:57:10]   Waiting to restart job...
[2026-04-22 12:57:10]   Waiting to restart job...
[2026-04-22 12:57:10]   Waiting to restart job...
[2026-04-22 12:57:10]   Waiting to restart job...
[2026-04-22 12:57:10]   Waiting to restart job...
[2026-04-22 12:57:16]   Waiting to restart job...
[2026-04-22 12:57:16]   Waiting to restart job...
[2026-04-22 12:57:16]   Waiting to restart job...
[2026-04-22 12:57:16]   Waiting to restart job...
[2026-04-22 12:57:16]   Waiting to restart job...
[2026-04-22 12:57:21]   Waiting to restart job...
[2026-04-22 12:57:22]   stage 1: 186 structures remaining, 43 running, 14 completed, 200 total
[2026-04-22 12:57:22]   Waiting to restart job...
[2026-04-22 12:57:22]   Waiting to restart job...
[2026-04-22 12:57:22]   Waiting to restart job...
[2026-04-22 12:57:22]   Waiting to restart job...
[2026-04-22 12:57:28]   Waiting to restart job...
[2026-04-22 12:57:28]   Waiting to restart job...
[2026-04-22 12:57:28]   Waiting to restart job...
[2026-04-22 12:57:28]   Waiting to restart job...
[2026-04-22 12:57:28]   Waiting to restart job...
[2026-04-22 12:57:33]   Waiting to restart job...
[2026-04-22 12:57:34]   stage 1: 165 structures remaining, 75 running, 35 completed, 200 total
[2026-04-22 12:57:34]   Waiting to restart job...
[2026-04-22 12:57:35]   Waiting to restart job...
[2026-04-22 12:57:35]   Waiting to restart job...
[2026-04-22 12:57:35]   Waiting to restart job...
[2026-04-22 12:57:41]   Waiting to restart job...
[2026-04-22 12:57:45]   stage 1: 158 structures remaining, 85 running, 42 completed, 200 total
[2026-04-22 12:57:45]   Waiting to restart job...
[2026-04-22 12:57:47]   stage 1: 156 structures remaining, 12 running, 44 completed, 200 total
[2026-04-22 12:57:47]   Waiting to restart job...
[2026-04-22 12:57:48]   stage 1: 152 structures remaining, 39 running, 48 completed, 200 total
[2026-04-22 12:57:48]   Waiting to restart job...
[2026-04-22 12:57:49]   stage 1: 152 structures remaining, 44 running, 48 completed, 200 total
[2026-04-22 12:57:49]   Waiting to restart job...
[2026-04-22 12:57:55]   Waiting to restart job...
[2026-04-22 12:57:58]   stage 1: 148 structures remaining, 29 running, 52 completed, 200 total
[2026-04-22 12:57:58]   Waiting to restart job...
[2026-04-22 12:58:00]   stage 1: 146 structures remaining, 40 running, 54 completed, 200 total
[2026-04-22 12:58:01]   Waiting to restart job...
[2026-04-22 12:58:03]   Waiting to restart job...
[2026-04-22 12:58:03]   Waiting to restart job...
[2026-04-22 12:58:08]   Waiting to restart job...
[2026-04-22 12:58:10]   Waiting to restart job...
[2026-04-22 12:58:10]   Waiting to restart job...
[2026-04-22 12:58:10]   Waiting to restart job...
[2026-04-22 12:58:10]   Waiting to restart job...
[2026-04-22 12:58:16]   Waiting to restart job...
[2026-04-22 12:58:16]   Waiting to restart job...
[2026-04-22 12:58:16]   Waiting to restart job...
[2026-04-22 12:58:16]   Waiting to restart job...
[2026-04-22 12:58:16]   Waiting to restart job...
[2026-04-22 12:58:21]   Waiting to restart job...
[2026-04-22 12:58:21]   Waiting to restart job...
[2026-04-22 12:58:21]   Waiting to restart job...
[2026-04-22 12:58:21]   Waiting to restart job...
[2026-04-22 12:58:21]   Waiting to restart job...
[2026-04-22 13:00:26]   stage 1: 75 structures remaining, 75 running, 125 completed, 200 total
[2026-04-22 13:00:27]   Waiting to restart job...
[2026-04-22 13:00:27]   Waiting to restart job...
[2026-04-22 13:24:27]   stage 1: 2 structures remaining, 2 running, 198 completed, 200 total
[2026-04-22 13:26:37] Starting analysis scripts for /trinity/rascar/enmr/csb_webserver/data/runs/haddock24/userrun00668631/run1/structures/it1
[2026-04-22 13:26:37]   calculating average structure and similarity matrices
[2026-04-22 13:26:38]   waiting for the average structure...
[2026-04-22 13:27:18]   running analysis scripts...
[2026-04-22 13:27:23]     calculating pairwise rmsd matrix
[2026-04-22 13:27:24] Starting final refinement: 200 structures
[2026-04-22 13:27:24] Initiating job submission...
[2026-04-22 13:43:04]   stage 2: 200 structures remaining, 200 running, 0 completed, 200 total
[2026-04-22 13:45:05]   stage 2: 175 structures remaining, 150 running, 25 completed, 200 total
[2026-04-22 13:47:05]   stage 2: 105 structures remaining, 60 running, 95 completed, 200 total
[2026-04-22 13:49:05]   stage 2: 35 structures remaining, 0 running, 165 completed, 200 total
[2026-04-22 13:51:06]   stage 2: 10 structures remaining, 5 running, 190 completed, 200 total
[2026-04-22 13:53:16] Starting analysis scripts for /trinity/rascar/enmr/csb_webserver/data/runs/haddock24/userrun00668631/run1/structures/it1/water
[2026-04-22 13:53:16]   calculating average structure and similarity matrices
[2026-04-22 13:53:16]   waiting for the average structure...
[2026-04-22 13:53:56]   running analysis scripts...
[2026-04-22 13:54:01]     calculating pairwise rmsd matrix
[2026-04-22 13:54:02]   waiting for the matrix file in it1/analysis...
[2026-04-22 13:54:02] Matrix file in it1/analysis is found
[2026-04-22 13:54:02] Running clustering for it1/
[2026-04-22 13:54:02] Clustering in /trinity/rascar/enmr/csb_webserver/data/runs/haddock24/userrun00668631/run1/structures/it1/analysis DONE
[2026-04-22 13:54:02] Check file /trinity/rascar/enmr/csb_webserver/data/runs/haddock24/userrun00668631/run1/structures/it1/analysis/cluster.out
[2026-04-22 13:54:12]   waiting for the matrix file in water/analysis...
[2026-04-22 13:56:42] Matrix file in water/analysis is found
[2026-04-22 13:56:42] Running clustering for it1/water
[2026-04-22 13:56:42] Running cluster in /trinity/rascar/enmr/csb_webserver/data/runs/haddock24/userrun00668631/run1/structures/it1/water/analysis
[2026-04-22 13:56:42] Clustering in /trinity/rascar/enmr/csb_webserver/data/runs/haddock24/userrun00668631/run1/structures/it1/water/analysis DONE
[2026-04-22 13:56:42] Check file /trinity/rascar/enmr/csb_webserver/data/runs/haddock24/userrun00668631/run1/structures/it1/water/analysis/cluster.out
[2026-04-22 13:56:42] Cleaning up the run directory...
[2026-04-22 13:56:44] Only files for structure #1 will be kept...
[2026-04-22 13:56:44] 
[2026-04-22 13:56:44] ##############################################################################
[2026-04-22 13:56:44] Finishing HADDOCK
[2026-04-22 13:56:44] Au revoir. Tot ziens. Bye bye.
[2026-04-22 13:56:44] 
##############################################################################
#                                                                            #
# Starting HADDOCK2.5                                                        #
#                                                                            #
#         N-components version of HADDOCK (current maximum is 20)            #
#                                                                            #
#   Copyright 2003-2025 Alexandre Bonvin, Utrecht University.                #
#   Originally adapted from Aria 1.2 from Nilges and Linge, EMBL.            #
#   All rights reserved.                                                     #
#   This code is part of the HADDOCK software and governed by its            #
#   license. Please see the LICENSE file that should have been included      #
#   as part of this package.                                                 #
#                                                                            #
##############################################################################
    
[2026-04-22 13:56:44] Starting HADDOCK
[2026-04-22 13:56:44] HADDOCK version: 2.5 - December 2025
[2026-04-22 13:56:44] Parsing run.cns file
[2026-04-22 13:56:44] Parsing run.param in /trinity/rascar/enmr/csb_webserver/data/runs/haddock24/userrun00668631/run1/data
[2026-04-22 13:56:44] Reading parameters from the file /trinity/rascar/enmr/csb_webserver/data/runs/haddock24/userrun00668631/run1/data/run.param
[2026-04-22 13:56:44]   setting some variables:
[2026-04-22 13:56:44]     AMBIG_TBL set to: ambig.tbl
[2026-04-22 13:56:44]     HADDOCK_DIR set to: /trinity/rascar/enmr/software/haddock2.5
[2026-04-22 13:56:44]     N_COMP set to: 2
[2026-04-22 13:56:44]     PDB_FILE1 set to: protein1.pdb
[2026-04-22 13:56:44]     PROT_SEGID_1 set to: A
[2026-04-22 13:56:44]     PDB_FILE2 set to: protein2.pdb
[2026-04-22 13:56:44]     PROT_SEGID_2 set to: B
[2026-04-22 13:56:44]     PROJECT_DIR set to: .
[2026-04-22 13:56:44]     RUN_NUMBER set to: 1
[2026-04-22 13:56:44]   AMBIG_TBL ambig.tbl
[2026-04-22 13:56:44]   HADDOCK_DIR /trinity/rascar/enmr/software/haddock2.5
[2026-04-22 13:56:44]   N_COMP 2
[2026-04-22 13:56:44]   PDB_FILE1 protein1.pdb
[2026-04-22 13:56:44]   PROT_SEGID_1 A
[2026-04-22 13:56:44]   PDB_FILE2 protein2.pdb
[2026-04-22 13:56:44]   PROT_SEGID_2 B
[2026-04-22 13:56:44]   PROJECT_DIR .
[2026-04-22 13:56:44]   RUN_NUMBER 1
[2026-04-22 13:56:44] Looking for existing files
[2026-04-22 13:56:45] waterdock false
[2026-04-22 13:56:45]   waiting for the psf files...
[2026-04-22 13:56:55] Looking for iteration 0
[2026-04-22 13:56:55] file.list exists => iteration 0 finished.
[2026-04-22 13:56:55] Looking for iteration 1
[2026-04-22 13:56:55] file.list exists => iteration 1 finished.
[2026-04-22 13:56:55] CNS analysis files found in the it1/analysis directory.
[2026-04-22 13:56:55] To rerun the analysis delete the file 'DONE' in that directory.
[2026-04-22 13:56:55] File it1/water/file.list already exists => water refinement done.
[2026-04-22 13:56:55] CNS analysis files found in the it1/water/analysis directory.
[2026-04-22 13:56:55] To rerun the analysis delete the 'DONE' file in that directory.
[2026-04-22 13:56:55] Cluster file in it1/analysis already exist.
[2026-04-22 13:56:55] To rerun the clustering delete the 'CLUST_DONE' file in the analysis directory.
[2026-04-22 13:57:05] Cluster file in it1/water/analysis already exist.
[2026-04-22 13:57:05] To rerun the clustering delete the 'CLUST_DONE' file in the analysis directory.
[2026-04-22 13:57:05] Cleaning up the run directory...
[2026-04-22 13:57:05] Only files for structure #1 will be kept...
[2026-04-22 13:57:05] 
[2026-04-22 13:57:05] ##############################################################################
[2026-04-22 13:57:05] Finishing HADDOCK
[2026-04-22 13:57:05] Au revoir. Tot ziens. Bye bye.
Only files for structure #1 will be kept...
+ BEGIN: Wed Apr 22 13:57:31 2026
+ Parsing 201 contact files
+ Calculating Matrix
+ Writing matrix to <stdout>
+ END: Wed Apr 22 13:57:31 2026 [  0.00 seconds elapsed]
mv: No match.
/trinity/rascar/enmr/csb_webserver/data/results/haddock24/6886575225/668631-terminal_fold2/structures/it1/water/CAPRI_analysis/../analysis//RMSD_Calc.sh: line 58: [: ==: unary operator expected
/trinity/rascar/enmr/csb_webserver/data/results/haddock24/6886575225/668631-terminal_fold2/structures/it1/water/CAPRI_analysis/../analysis//RMSD_Calc.sh: line 192: [: missing `]'
/trinity/rascar/enmr/csb_webserver/data/results/haddock24/6886575225/668631-terminal_fold2/structures/it1/water/CAPRI_analysis/../analysis//RMSD_Calc.sh: line 58: [: ==: unary operator expected
/trinity/rascar/enmr/csb_webserver/data/results/haddock24/6886575225/668631-terminal_fold2/structures/it1/water/CAPRI_analysis/../analysis//RMSD_Calc.sh: line 192: [: missing `]'
rm: No match.
/usr/bin/ls: write error: Broken pipe
