Interface Mode ON
Loaded 200 structures
Using complex_79w.pdb as reference
Read 2 chains from contacts file: AB
Symmetry option on. Checking chain lengths: WARNING!! Chains have different lengths! (B:1 != A:50)
You main run into problems later on...
OK!
Generating ZONE definitions..
Symmetry option was turned on, but chains are not identical: Turning symmetry off
Defined 1 zone(s)
ZONE CLEAR \n ZONE A13-A13:A13-A13 ZONE A14-A14:A14-A14 ZONE A15-A15:A15-A15 ZONE A16-A16:A16-A16 ZONE A17-A17:A17-A17 ZONE A18-A18:A18-A18 ZONE A19-A19:A19-A19 ZONE A20-A20:A20-A20 ZONE A21-A21:A21-A21 ZONE A22-A22:A22-A22 ZONE A23-A23:A23-A23 ZONE A24-A24:A24-A24 ZONE A25-A25:A25-A25\n ZONE B1-B1:B1-B1\n FIT
RMS: 0.000
1
RMS: 1.269
1
RMS: 1.275
1
RMS: 1.406
1
RMS: 1.093
1
RMS: 3.617
1
RMS: 5.449
1
RMS: 4.961
1
RMS: 1.501
1
RMS: 1.403
1
RMS: 1.458
1
RMS: 3.639
1
RMS: 3.247
1
RMS: 3.686
1
RMS: 1.308
1
RMS: 1.048
1
RMS: 1.396
1
RMS: 3.926
1
RMS: 1.095
1
RMS: 1.788
1
RMS: 3.375
1
RMS: 1.770
1
RMS: 4.173
1
RMS: 1.519
1
RMS: 1.120
1
RMS: 1.367
1
RMS: 1.172
1
RMS: 1.560
1
RMS: 1.305
1
RMS: 1.233
1
RMS: 4.906
1
RMS: 4.992
1
RMS: 2.321
1
RMS: 1.362
1
RMS: 1.613
1
RMS: 1.253
1
RMS: 5.774
1
RMS: 1.302
1
RMS: 1.435
1
RMS: 1.175
1
RMS: 3.330
1
RMS: 6.701
1
RMS: 1.989
1
RMS: 3.729
1
RMS: 1.641
1
RMS: 1.840
1
RMS: 2.163
1
RMS: 1.269
1
RMS: 1.865
1
RMS: 1.560
1
RMS: 1.330
1
RMS: 3.602
1
RMS: 3.665
1
RMS: 6.384
1
RMS: 6.105
1
RMS: 1.631
1
RMS: 1.622
1
RMS: 6.401
1
RMS: 1.325
1
RMS: 1.402
1
RMS: 3.383
1
RMS: 3.966
1
RMS: 1.488
1
RMS: 1.552
1
RMS: 1.412
1
RMS: 1.680
1
RMS: 3.934
1
RMS: 3.168
1
RMS: 1.211
1
RMS: 1.283
1
RMS: 3.651
1
RMS: 4.336
1
RMS: 4.881
1
RMS: 3.423
1
RMS: 3.328
1
RMS: 3.852
1
RMS: 1.419
1
RMS: 1.108
1
RMS: 1.312
1
RMS: 1.114
1
RMS: 1.113
1
RMS: 3.765
1
RMS: 1.536
1
RMS: 3.385
1
RMS: 5.769
1
RMS: 1.393
1
RMS: 2.967
1
RMS: 1.283
1
RMS: 1.669
1
RMS: 1.204
1
RMS: 3.714
1
RMS: 4.211
1
RMS: 3.174
1
RMS: 1.475
1
RMS: 4.428
1
RMS: 1.517
1
RMS: 4.947
1
RMS: 1.217
1
RMS: 4.284
1
RMS: 1.399
1
RMS: 3.276
1
RMS: 3.289
1
RMS: 5.405
1
RMS: 2.025
1
RMS: 4.207
1
RMS: 3.614
1
RMS: 0.980
1
RMS: 3.497
1
RMS: 1.410
1
RMS: 3.841
1
RMS: 3.405
1
RMS: 1.404
1
RMS: 3.890
1
RMS: 3.418
1
RMS: 3.385
1
RMS: 3.562
1
RMS: 3.291
1
RMS: 6.705
1
RMS: 5.130
1
RMS: 3.747
1
RMS: 5.587
1
RMS: 1.374
1
RMS: 1.458
1
RMS: 3.616
1
RMS: 5.322
1
RMS: 5.337
1
RMS: 3.349
1
RMS: 3.794
1
RMS: 3.521
1
RMS: 3.436
1
RMS: 1.505
1
RMS: 1.514
1
RMS: 3.607
1
RMS: 3.370
1
RMS: 3.442
1
RMS: 3.529
1
RMS: 5.059
1
RMS: 3.167
1
RMS: 3.720
1
RMS: 3.668
1
RMS: 5.047
1
RMS: 3.862
1
RMS: 1.706
1
RMS: 3.311
1
RMS: 3.192
1
RMS: 3.583
1
RMS: 4.757
1
RMS: 1.283
1
RMS: 1.337
1
RMS: 4.460
1
RMS: 3.496
1
RMS: 3.475
1
RMS: 1.278
1
RMS: 3.645
1
RMS: 4.527
1
RMS: 3.893
1
RMS: 3.779
1
RMS: 5.546
1
RMS: 1.344
1
RMS: 3.430
1
RMS: 2.457
1
RMS: 3.696
1
RMS: 1.335
1
RMS: 3.477
1
RMS: 4.959
1
RMS: 3.451
1
RMS: 3.121
1
RMS: 4.031
1
RMS: 3.831
1
RMS: 3.744
1
RMS: 3.214
1
RMS: 3.782
1
RMS: 3.831
1
RMS: 2.506
1
RMS: 3.559
1
RMS: 1.144
1
RMS: 3.523
1
RMS: 3.452
1
RMS: 4.423
1
RMS: 3.280
1
RMS: 1.278
1
RMS: 3.838
1
RMS: 5.116
1
RMS: 3.518
1
RMS: 3.612
1
RMS: 4.915
1
RMS: 3.240
1
RMS: 4.654
1
RMS: 3.689
1
RMS: 4.463
1
RMS: 5.024
1
RMS: 5.313
1
RMS: 3.586
1
RMS: 4.177
1
RMS: 4.886
1
RMS: 4.291
1
RMS: 4.955
1
RMS: 4.711
1
RMS: 3.303
1
RMS: 3.444
1

