Ligand Mode ON
Loaded 200 structures
Using complex_79w.pdb as reference
Read 2 chains from reference file: AB
Symmetry option on. Checking chain lengths: WARNING!! Chains have different lengths! (B:1 != A:50)
You main run into problems later on...
OK!
Generating ZONE definitions..
Symmetry option was turned on, but chains are not identical: Turning symmetry off
Defined 1 zone(s)
ZONE CLEAR \n ZONE A* \n FIT \nRZONE B*\n
RMS: 0.000
1
RMS: 3.231
1
RMS: 3.036
1
RMS: 3.141
1
RMS: 2.569
1
RMS: 13.970
1
RMS: 21.348
1
RMS: 19.586
1
RMS: 4.466
1
RMS: 4.235
1
RMS: 4.720
1
RMS: 14.839
1
RMS: 11.739
1
RMS: 14.328
1
RMS: 2.026
1
RMS: 2.555
1
RMS: 3.440
1
RMS: 15.872
1
RMS: 2.556
1
RMS: 4.939
1
RMS: 12.459
1
RMS: 4.979
1
RMS: 16.308
1
RMS: 3.899
1
RMS: 3.162
1
RMS: 4.126
1
RMS: 3.195
1
RMS: 4.665
1
RMS: 2.935
1
RMS: 3.241
1
RMS: 19.115
1
RMS: 19.927
1
RMS: 8.274
1
RMS: 2.680
1
RMS: 4.028
1
RMS: 4.217
1
RMS: 23.211
1
RMS: 4.364
1
RMS: 4.067
1
RMS: 2.552
1
RMS: 12.424
1
RMS: 26.098
1
RMS: 6.317
1
RMS: 14.098
1
RMS: 4.370
1
RMS: 5.983
1
RMS: 7.075
1
RMS: 4.056
1
RMS: 6.196
1
RMS: 4.547
1
RMS: 4.294
1
RMS: 13.546
1
RMS: 13.945
1
RMS: 24.772
1
RMS: 24.125
1
RMS: 4.419
1
RMS: 4.849
1
RMS: 24.943
1
RMS: 1.753
1
RMS: 4.057
1
RMS: 12.708
1
RMS: 15.434
1
RMS: 4.444
1
RMS: 4.120
1
RMS: 2.906
1
RMS: 5.293
1
RMS: 15.765
1
RMS: 12.206
1
RMS: 3.400
1
RMS: 2.920
1
RMS: 13.704
1
RMS: 16.963
1
RMS: 18.704
1
RMS: 12.905
1
RMS: 12.239
1
RMS: 15.032
1
RMS: 3.255
1
RMS: 2.709
1
RMS: 3.056
1
RMS: 2.765
1
RMS: 2.830
1
RMS: 14.881
1
RMS: 4.516
1
RMS: 12.485
1
RMS: 22.801
1
RMS: 4.132
1
RMS: 10.060
1
RMS: 2.965
1
RMS: 4.771
1
RMS: 2.907
1
RMS: 14.852
1
RMS: 16.328
1
RMS: 11.501
1
RMS: 3.995
1
RMS: 17.396
1
RMS: 5.069
1
RMS: 19.301
1
RMS: 4.123
1
RMS: 16.438
1
RMS: 4.200
1
RMS: 11.982
1
RMS: 12.801
1
RMS: 20.836
1
RMS: 7.110
1
RMS: 16.290
1
RMS: 13.801
1
RMS: 3.045
1
RMS: 13.197
1
RMS: 4.078
1
RMS: 14.874
1
RMS: 13.217
1
RMS: 3.498
1
RMS: 15.870
1
RMS: 13.086
1
RMS: 12.708
1
RMS: 12.718
1
RMS: 11.712
1
RMS: 26.403
1
RMS: 19.668
1
RMS: 14.852
1
RMS: 21.967
1
RMS: 4.023
1
RMS: 4.236
1
RMS: 14.233
1
RMS: 20.839
1
RMS: 21.061
1
RMS: 12.280
1
RMS: 14.805
1
RMS: 13.257
1
RMS: 12.693
1
RMS: 4.176
1
RMS: 4.652
1
RMS: 13.405
1
RMS: 12.372
1
RMS: 12.647
1
RMS: 13.306
1
RMS: 19.929
1
RMS: 11.882
1
RMS: 14.167
1
RMS: 13.835
1
RMS: 19.385
1
RMS: 14.497
1
RMS: 4.486
1
RMS: 12.628
1
RMS: 12.799
1
RMS: 13.799
1
RMS: 18.598
1
RMS: 2.917
1
RMS: 3.990
1
RMS: 17.112
1
RMS: 13.225
1
RMS: 13.140
1
RMS: 4.002
1
RMS: 14.099
1
RMS: 17.182
1
RMS: 14.517
1
RMS: 14.653
1
RMS: 21.100
1
RMS: 2.995
1
RMS: 12.501
1
RMS: 8.338
1
RMS: 14.197
1
RMS: 2.927
1
RMS: 12.690
1
RMS: 19.348
1
RMS: 12.468
1
RMS: 11.645
1
RMS: 14.952
1
RMS: 14.813
1
RMS: 14.240
1
RMS: 11.917
1
RMS: 15.025
1
RMS: 14.592
1
RMS: 8.758
1
RMS: 13.667
1
RMS: 2.923
1
RMS: 14.160
1
RMS: 13.164
1
RMS: 17.093
1
RMS: 11.958
1
RMS: 2.456
1
RMS: 14.859
1
RMS: 19.861
1
RMS: 13.751
1
RMS: 13.789
1
RMS: 18.964
1
RMS: 12.355
1
RMS: 17.697
1
RMS: 14.310
1
RMS: 17.154
1
RMS: 19.315
1
RMS: 20.469
1
RMS: 13.648
1
RMS: 16.247
1
RMS: 19.276
1
RMS: 16.460
1
RMS: 19.197
1
RMS: 17.659
1
RMS: 12.148
1
RMS: 12.835
1

